Microchip MPLAB XC8 Compiler V1.41 ()

Linker command line:

-W-3 --edf=C:\Program Files (x86)\Microchip\xc8\v1.41\dat\en_msgs.txt -cs \
  -h+dist/default/production\Micro.Project.X.production.sym \
  --cmf=dist/default/production\Micro.Project.X.production.cmf -z -Q16F877A \
  -oC:\Users\Alsayyed\AppData\Local\Temp\sk38.2 \
  -Mdist/default/production/Micro.Project.X.production.map -E1 -ver=XC8 \
  -ASTACK=0110h-016fh -pstack=STACK -ACODE=00h-07FFhx4 -ASTRCODE=00h-01FFFh \
  -ASTRING=00h-0FFhx32 -ACONST=00h-0FFhx32 -AENTRY=00h-0FFhx32 \
  -ACOMMON=070h-07Fh -ABANK0=020h-06Fh -ABANK1=0A0h-0EFh \
  -ABANK2=0110h-016Fh -ABANK3=0190h-01EFh \
  -ARAM=020h-06Fh,0A0h-0EFh,0110h-016Fh,0190h-01EFh \
  -AABS1=020h-07Fh,0A0h-0EFh,0110h-016Fh,0190h-01EFh -ASFR0=00h-01Fh \
  -ASFR1=080h-09Fh -ASFR2=0100h-010Fh -ASFR3=0180h-018Fh \
  -preset_vec=00h,intentry,init,end_init -ppowerup=CODE -pcinit=CODE \
  -pfunctab=CODE -ACONFIG=02007h-02007h -pconfig=CONFIG -DCONFIG=2 \
  -AIDLOC=02000h-02003h -pidloc=IDLOC -DIDLOC=2 -AEEDATA=00h-0FFh/02100h \
  -peeprom_data=EEDATA -DEEDATA=2 -DCODE=2 -DSTRCODE=2 -DSTRING=2 -DCONST=2 \
  -DENTRY=2 -k C:\Users\Alsayyed\AppData\Local\Temp\sk38.obj \
  dist/default/production\Micro.Project.X.production.obj 

Object code version is 3.11

Machine type is 16F877A



                Name                               Link     Load   Length Selector   Space Scale
C:\Users\Alsayyed\AppData\Local\Temp\sk38.obj
                end_init                              0        0        3        0       0
                config                             2007     2007        1     400E       0
dist/default/production\Micro.Project.X.production.obj
                cinit                               7FC      7FC        4      FF8       0
                text5                               479      479       6C      8F2       0
                text4                               458      458       21      8B0       0
                text3                               573      573       B8      AE6       0
                text2                               62B      62B       D3      C56       0
                text1                               4E5      4E5       8E      9CA       0
                maintext                            6FE      6FE       FE      DFC       0
                cstackBANK0                          20       20       39       20       1
                cstackCOMMON                         70       70        E       70       1

TOTAL           Name                               Link     Load   Length     Space
        CLASS   STACK          

        CLASS   CODE           
                end_init                              0        0        3         0
                cinit                               7FC      7FC        4         0
                text5                               479      479       6C         0
                text4                               458      458       21         0
                text3                               573      573       B8         0
                text2                               62B      62B       D3         0
                text1                               4E5      4E5       8E         0
                maintext                            6FE      6FE       FE         0

        CLASS   STRCODE        

        CLASS   STRING         

        CLASS   CONST          

        CLASS   ENTRY          

        CLASS   COMMON         
                cstackCOMMON                         70       70        E         1

        CLASS   BANK0          
                cstackBANK0                          20       20       39         1

        CLASS   BANK1          

        CLASS   BANK2          

        CLASS   BANK3          

        CLASS   RAM            

        CLASS   ABS1           
                abs_s1                               7E       7E        2         1

        CLASS   SFR0           

        CLASS   SFR1           

        CLASS   SFR2           

        CLASS   SFR3           

        CLASS   CONFIG         
                config                             2007     2007        1         0

        CLASS   IDLOC          

        CLASS   EEDATA         



SEGMENTS        Name                           Load    Length   Top    Selector   Space  Class     Delta

                reset_vec                      000000  000003  000003         0       0  CODE        2
                cstackBANK0                    000020  000039  000059        20       1  BANK0       1
                cstackCOMMON                   000070  00000E  00007E        70       1  COMMON      1
                text4                          000458  000021  000479       8B0       0  CODE        2
                text5                          000479  00006C  0004E5       8F2       0  CODE        2
                text1                          0004E5  00008E  000573       9CA       0  CODE        2
                text3                          000573  0000B8  00062B       AE6       0  CODE        2
                text2                          00062B  0000D3  0006FE       C56       0  CODE        2
                maintext                       0006FE  0000FE  0007FC       DFC       0  CODE        2
                cinit                          0007FC  000004  000800       FF8       0  CODE        2
                config                         002007  000001  002008      400E       0  CONFIG      2


UNUSED ADDRESS RANGES

        Name                Unused          Largest block    Delta
        BANK0            0059-006F             17           1
        BANK1            00A0-00EF             50           1
        BANK2            0110-016F             60           1
        BANK3            0190-01EF             60           1
        CODE             0003-0457            455           2
                         0800-1FFF            800
        CONST            0003-0457            100           2
                         0800-1FFF            100
        EEDATA           2100-21FF            100           2
        ENTRY            0003-0457            100           2
                         0800-1FFF            100
        IDLOC            2000-2003              4           2
        RAM              0059-006F             17           1
                         00A0-00EF             50
                         0110-016F             60
                         0190-01EF             60
        SFR0             0000-001F             20           1
        SFR1             0080-009F             20           1
        SFR2             0100-010F             10           1
        SFR3             0180-018F             10           1
        STACK            0110-016F             60           1
        STRCODE          0003-0457            455           2
                         0800-1FFF           1800
        STRING           0003-0457            100           2
                         0800-1FFF            100

                                  Symbol Table

?___awtoft               cstackCOMMON 0078
?___ftdiv                cstackBANK0  0030
?___ftmul                cstackBANK0  0020
?___ftpack               cstackCOMMON 0070
?___fttol                cstackBANK0  0040
_PORTBbits               (abs)        0006
_PORTDbits               (abs)        0008
_T1CON                   (abs)        0010
_TMR1H                   (abs)        000F
_TMR1L                   (abs)        000E
_TMR1ON                  (abs)        0080
_TRISBbits               (abs)        0086
_TRISD                   (abs)        0088
_TRISDbits               (abs)        0088
__CFG_BOREN$ON           (abs)        0000
__CFG_CP$OFF             (abs)        0000
__CFG_CPD$OFF            (abs)        0000
__CFG_FOSC$HS            (abs)        0000
__CFG_LVP$OFF            (abs)        0000
__CFG_PWRTE$ON           (abs)        0000
__CFG_WDTE$OFF           (abs)        0000
__CFG_WRT$OFF            (abs)        0000
__Habs1                  abs1         0000
__Hbank0                 bank0        0000
__Hbank1                 bank1        0000
__Hbank2                 bank2        0000
__Hbank3                 bank3        0000
__Hcinit                 cinit        0800
__Hclrtext               clrtext      0000
__Hcode                  code         0000
__Hcommon                common       0000
__Hconfig                config       2008
__HcstackBANK0           cstackBANK0  0000
__HcstackCOMMON          cstackCOMMON 0000
__Heeprom_data           eeprom_data  0000
__Hend_init              end_init     0003
__Hfunctab               functab      0000
__Hidloc                 idloc        0000
__Hinit                  init         0000
__Hintentry              intentry     0000
__Hmaintext              maintext     0000
__Hpowerup               powerup      0000
__Hram                   ram          0000
__Hreset_vec             reset_vec    0000
__Hsfr0                  sfr0         0000
__Hsfr1                  sfr1         0000
__Hsfr2                  sfr2         0000
__Hsfr3                  sfr3         0000
__Hspace_0               (abs)        2008
__Hspace_1               (abs)        007E
__Hspace_2               (abs)        0000
__Hspace_3               (abs)        0000
__Hstack                 stack        0000
__Hstrings               strings      0000
__Htext                  text         0000
__Labs1                  abs1         0000
__Lbank0                 bank0        0000
__Lbank1                 bank1        0000
__Lbank2                 bank2        0000
__Lbank3                 bank3        0000
__Lcinit                 cinit        07FC
__Lclrtext               clrtext      0000
__Lcode                  code         0000
__Lcommon                common       0000
__Lconfig                config       2007
__LcstackBANK0           cstackBANK0  0000
__LcstackCOMMON          cstackCOMMON 0000
__Leeprom_data           eeprom_data  0000
__Lend_init              end_init     0000
__Lfunctab               functab      0000
__Lidloc                 idloc        0000
__Linit                  init         0000
__Lintentry              intentry     0000
__Lmaintext              maintext     0000
__Lpowerup               powerup      0000
__Lram                   ram          0000
__Lreset_vec             reset_vec    0000
__Lsfr0                  sfr0         0000
__Lsfr1                  sfr1         0000
__Lsfr2                  sfr2         0000
__Lsfr3                  sfr3         0000
__Lspace_0               (abs)        0000
__Lspace_1               (abs)        0000
__Lspace_2               (abs)        0000
__Lspace_3               (abs)        0000
__Lstack                 stack        0000
__Lstrings               strings      0000
__Ltext                  text         0000
__S0                     (abs)        2008
__S1                     (abs)        007E
__S2                     (abs)        0000
__S3                     (abs)        0000
___awtoft                text4        0458
___awtoft@c              cstackCOMMON 0078
___awtoft@sign           cstackCOMMON 007D
___ftdiv                 text3        0573
___ftdiv@cntr            cstackBANK0  003A
___ftdiv@exp             cstackBANK0  003E
___ftdiv@f1              cstackBANK0  0033
___ftdiv@f2              cstackBANK0  0030
___ftdiv@f3              cstackBANK0  003B
___ftdiv@sign            cstackBANK0  003F
___ftmul                 text2        062B
___ftmul@cntr            cstackBANK0  002E
___ftmul@exp             cstackBANK0  002A
___ftmul@f1              cstackBANK0  0020
___ftmul@f2              cstackBANK0  0023
___ftmul@f3_as_product   cstackBANK0  002B
___ftmul@sign            cstackBANK0  002F
___ftpack                text5        0479
___ftpack@arg            cstackCOMMON 0070
___ftpack@exp            cstackCOMMON 0073
___ftpack@sign           cstackCOMMON 0074
___fttol                 text1        04E5
___fttol@exp1            cstackBANK0  004D
___fttol@f1              cstackBANK0  0040
___fttol@lval            cstackBANK0  0049
___fttol@sign1           cstackBANK0  0048
___int_sp                stack        0000
___latbits               (abs)        0002
___sp                    stack        0000
__end_of___awtoft        text4        0479
__end_of___ftdiv         text3        062B
__end_of___ftmul         text2        06FE
__end_of___ftpack        text5        04E5
__end_of___fttol         text1        0573
__end_of__initialization cinit        07FC
__end_of_main            maintext     07FC
__initialization         cinit        07FC
__pcstackBANK0           cstackBANK0  0020
__pcstackCOMMON          cstackCOMMON 0070
__pmaintext              maintext     06FE
__ptext1                 text1        04E5
__ptext2                 text2        062B
__ptext3                 text3        0573
__ptext4                 text4        0458
__ptext5                 text5        0479
__size_of___awtoft       (abs)        0000
__size_of___ftdiv        (abs)        0000
__size_of___ftmul        (abs)        0000
__size_of___ftpack       (abs)        0000
__size_of___fttol        (abs)        0000
__size_of_main           (abs)        0000
_main                    maintext     06FE
btemp                    (abs)        007E
end_of_initialization    cinit        07FC
intlevel0                functab      0000
intlevel1                functab      0000
intlevel2                functab      0000
intlevel3                functab      0000
intlevel4                functab      0000
intlevel5                functab      0000
main@distance1           cstackBANK0  0055
main@distance2           cstackBANK0  0057
main@time_taken1         cstackBANK0  0051
main@time_taken2         cstackBANK0  0053
reset_vec                reset_vec    0000
stackhi                  (abs)        0000
stacklo                  (abs)        0000
start                    init         0000
start_initialization     cinit        07FC
wtemp0                   (abs)        007E


FUNCTION INFORMATION:

 *************** function _main *****************
 Defined at:
		line 22 in file "FinalProject.c"
 Parameters:    Size  Location     Type
		None
 Auto vars:     Size  Location     Type
  distance2       2   55[BANK0 ] int 
  distance1       2   53[BANK0 ] int 
  time_taken2     2   51[BANK0 ] int 
  time_taken1     2   49[BANK0 ] int 
 Return value:  Size  Location     Type
                  1    wreg      void 
 Registers used:
		wreg, status,2, status,0, btemp+1, pclath, cstack
 Tracked objects:
		On entry : 
		On exit  : 
		Unchanged: 
 Data sizes:     COMMON   BANK0   BANK1   BANK3   BANK2
      Params:         0       0       0       0       0
      Locals:         0       8       0       0       0
      Temps:          0       3       0       0       0
      Totals:         0      11       0       0       0
Total ram usage:       11 bytes
 Hardware stack levels required when called:    2
 This function calls:
		___awtoft
		___ftdiv
		___ftmul
		___fttol
 This function is called by:
		Startup code after reset
 This function uses a non-reentrant model


 *************** function ___fttol *****************
 Defined at:
		line 44 in file "C:\Program Files (x86)\Microchip\xc8\v1.41\sources\common\fttol.c"
 Parameters:    Size  Location     Type
  f1              3   32[BANK0 ] float 
 Auto vars:     Size  Location     Type
  lval            4   41[BANK0 ] unsigned long 
  exp1            1   45[BANK0 ] unsigned char 
  sign1           1   40[BANK0 ] unsigned char 
 Return value:  Size  Location     Type
                  4   32[BANK0 ] long 
 Registers used:
		wreg, status,2, status,0
 Tracked objects:
		On entry : 
		On exit  : 
		Unchanged: 
 Data sizes:     COMMON   BANK0   BANK1   BANK3   BANK2
      Params:         0       4       0       0       0
      Locals:         0       6       0       0       0
      Temps:          0       4       0       0       0
      Totals:         0      14       0       0       0
Total ram usage:       14 bytes
 Hardware stack levels used:    1
 This function calls:
		Nothing
 This function is called by:
		_main
 This function uses a non-reentrant model


 *************** function ___ftmul *****************
 Defined at:
		line 62 in file "C:\Program Files (x86)\Microchip\xc8\v1.41\sources\common\ftmul.c"
 Parameters:    Size  Location     Type
  f1              3    0[BANK0 ] float 
  f2              3    3[BANK0 ] float 
 Auto vars:     Size  Location     Type
  f3_as_produc    3   11[BANK0 ] unsigned um
  sign            1   15[BANK0 ] unsigned char 
  cntr            1   14[BANK0 ] unsigned char 
  exp             1   10[BANK0 ] unsigned char 
 Return value:  Size  Location     Type
                  3    0[BANK0 ] float 
 Registers used:
		wreg, status,2, status,0, pclath, cstack
 Tracked objects:
		On entry : 
		On exit  : 
		Unchanged: 
 Data sizes:     COMMON   BANK0   BANK1   BANK3   BANK2
      Params:         0       6       0       0       0
      Locals:         0       6       0       0       0
      Temps:          0       4       0       0       0
      Totals:         0      16       0       0       0
Total ram usage:       16 bytes
 Hardware stack levels used:    1
 Hardware stack levels required when called:    1
 This function calls:
		___ftpack
 This function is called by:
		_main
 This function uses a non-reentrant model


 *************** function ___ftdiv *****************
 Defined at:
		line 56 in file "C:\Program Files (x86)\Microchip\xc8\v1.41\sources\common\ftdiv.c"
 Parameters:    Size  Location     Type
  f2              3   16[BANK0 ] float 
  f1              3   19[BANK0 ] float 
 Auto vars:     Size  Location     Type
  f3              3   27[BANK0 ] float 
  sign            1   31[BANK0 ] unsigned char 
  exp             1   30[BANK0 ] unsigned char 
  cntr            1   26[BANK0 ] unsigned char 
 Return value:  Size  Location     Type
                  3   16[BANK0 ] float 
 Registers used:
		wreg, status,2, status,0, pclath, cstack
 Tracked objects:
		On entry : 
		On exit  : 
		Unchanged: 
 Data sizes:     COMMON   BANK0   BANK1   BANK3   BANK2
      Params:         0       6       0       0       0
      Locals:         0       6       0       0       0
      Temps:          0       4       0       0       0
      Totals:         0      16       0       0       0
Total ram usage:       16 bytes
 Hardware stack levels used:    1
 Hardware stack levels required when called:    1
 This function calls:
		___ftpack
 This function is called by:
		_main
 This function uses a non-reentrant model


 *************** function ___awtoft *****************
 Defined at:
		line 32 in file "C:\Program Files (x86)\Microchip\xc8\v1.41\sources\common\awtoft.c"
 Parameters:    Size  Location     Type
  c               2    8[COMMON] int 
 Auto vars:     Size  Location     Type
  sign            1   13[COMMON] unsigned char 
 Return value:  Size  Location     Type
                  3    8[COMMON] float 
 Registers used:
		wreg, status,2, status,0, pclath, cstack
 Tracked objects:
		On entry : 
		On exit  : 
		Unchanged: 
 Data sizes:     COMMON   BANK0   BANK1   BANK3   BANK2
      Params:         3       0       0       0       0
      Locals:         1       0       0       0       0
      Temps:          2       0       0       0       0
      Totals:         6       0       0       0       0
Total ram usage:        6 bytes
 Hardware stack levels used:    1
 Hardware stack levels required when called:    1
 This function calls:
		___ftpack
 This function is called by:
		_main
 This function uses a non-reentrant model


 *************** function ___ftpack *****************
 Defined at:
		line 62 in file "C:\Program Files (x86)\Microchip\xc8\v1.41\sources\common\float.c"
 Parameters:    Size  Location     Type
  arg             3    0[COMMON] unsigned um
  exp             1    3[COMMON] unsigned char 
  sign            1    4[COMMON] unsigned char 
 Auto vars:     Size  Location     Type
		None
 Return value:  Size  Location     Type
                  3    0[COMMON] float 
 Registers used:
		wreg, status,2, status,0
 Tracked objects:
		On entry : 
		On exit  : 
		Unchanged: 
 Data sizes:     COMMON   BANK0   BANK1   BANK3   BANK2
      Params:         5       0       0       0       0
      Locals:         0       0       0       0       0
      Temps:          3       0       0       0       0
      Totals:         8       0       0       0       0
Total ram usage:        8 bytes
 Hardware stack levels used:    1
 This function calls:
		Nothing
 This function is called by:
		___awtoft
		___ftdiv
		___ftmul
 This function uses a non-reentrant model



MODULE INFORMATION

Module		Function		Class		Link	Load	Size
C:\Program Files (x86)\Microchip\xc8\v1.41\sources\common\fttol.c
		___fttol       		CODE           	04E5	0000	143

C:\Program Files (x86)\Microchip\xc8\v1.41\sources\common\fttol.c estimated size: 143

FinalProject.c
		_main          		CODE           	06FE	0000	255

FinalProject.c estimated size: 255

C:\Program Files (x86)\Microchip\xc8\v1.41\sources\common\float.c
		___ftpack      		CODE           	0479	0000	109

C:\Program Files (x86)\Microchip\xc8\v1.41\sources\common\float.c estimated size: 109

shared
		__initialization		CODE           	07FC	0000	1

shared estimated size: 1

C:\Program Files (x86)\Microchip\xc8\v1.41\sources\common\awtoft.c
		___awtoft      		CODE           	0458	0000	34

C:\Program Files (x86)\Microchip\xc8\v1.41\sources\common\awtoft.c estimated size: 34

C:\Program Files (x86)\Microchip\xc8\v1.41\sources\common\ftmul.c
		___ftmul       		CODE           	062B	0000	212

C:\Program Files (x86)\Microchip\xc8\v1.41\sources\common\ftmul.c estimated size: 212

C:\Program Files (x86)\Microchip\xc8\v1.41\sources\common\ftdiv.c
		___ftdiv       		CODE           	0573	0000	185

C:\Program Files (x86)\Microchip\xc8\v1.41\sources\common\ftdiv.c estimated size: 185

